org.apache.flink.runtime.JobException: Recovery is suppressed by FailureRateRestartBackoffTimeStrategy(FailureRateRestartBackoffTimeStrategy(failuresIntervalMS=300000,backoffTimeMS=10000,maxFailuresPerInterval=10)
	at org.apache.flink.runtime.executiongraph.failover.flip1.ExecutionFailureHandler.handleFailure(ExecutionFailureHandler.java:139)
	at org.apache.flink.runtime.executiongraph.failover.flip1.ExecutionFailureHandler.getFailureHandlingResult(ExecutionFailureHandler.java:83)
	at org.apache.flink.runtime.scheduler.DefaultScheduler.recordTaskFailure(DefaultScheduler.java:256)
	at org.apache.flink.runtime.scheduler.DefaultScheduler.handleTaskFailure(DefaultScheduler.java:247)
	at org.apache.flink.runtime.scheduler.DefaultScheduler.onTaskFailed(DefaultScheduler.java:240)
	at org.apache.flink.runtime.scheduler.SchedulerBase.onTaskExecutionStateUpdate(SchedulerBase.java:738)
	at org.apache.flink.runtime.scheduler.SchedulerBase.updateTaskExecutionState(SchedulerBase.java:715)
	at org.apache.flink.runtime.scheduler.SchedulerNG.updateTaskExecutionState(SchedulerNG.java:78)
	at org.apache.flink.runtime.jobmaster.JobMaster.updateTaskExecutionState(JobMaster.java:477)
	at sun.reflect.GeneratedMethodAccessor433.invoke(Unknown Source)
	at sun.reflect.DelegatingMethodAccessorImpl.invoke(DelegatingMethodAccessorImpl.java:43)
	at java.lang.reflect.Method.invoke(Method.java:498)
	at org.apache.flink.runtime.rpc.akka.AkkaRpcActor.lambda$handleRpcInvocation$1(AkkaRpcActor.java:309)
	at org.apache.flink.runtime.concurrent.akka.ClassLoadingUtils.runWithContextClassLoader(ClassLoadingUtils.java:83)
	at org.apache.flink.runtime.rpc.akka.AkkaRpcActor.handleRpcInvocation(AkkaRpcActor.java:307)
	at org.apache.flink.runtime.rpc.akka.AkkaRpcActor.handleRpcMessage(AkkaRpcActor.java:222)
	at org.apache.flink.runtime.rpc.akka.FencedAkkaRpcActor.handleRpcMessage(FencedAkkaRpcActor.java:84)
	at org.apache.flink.runtime.rpc.akka.AkkaRpcActor.handleMessage(AkkaRpcActor.java:168)
	at akka.japi.pf.UnitCaseStatement.apply(CaseStatements.scala:24)
	at akka.japi.pf.UnitCaseStatement.apply(CaseStatements.scala:20)
	at scala.PartialFunction.applyOrElse(PartialFunction.scala:123)
	at scala.PartialFunction.applyOrElse$(PartialFunction.scala:122)
	at akka.japi.pf.UnitCaseStatement.applyOrElse(CaseStatements.scala:20)
	at scala.PartialFunction$OrElse.applyOrElse(PartialFunction.scala:171)
	at scala.PartialFunction$OrElse.applyOrElse(PartialFunction.scala:172)
	at scala.PartialFunction$OrElse.applyOrElse(PartialFunction.scala:172)
	at akka.actor.Actor.aroundReceive(Actor.scala:537)
	at akka.actor.Actor.aroundReceive$(Actor.scala:535)
	at akka.actor.AbstractActor.aroundReceive(AbstractActor.scala:220)
	at akka.actor.ActorCell.receiveMessage(ActorCell.scala:580)
	at akka.actor.ActorCell.invoke(ActorCell.scala:548)
	at akka.dispatch.Mailbox.processMailbox(Mailbox.scala:270)
	at akka.dispatch.Mailbox.run(Mailbox.scala:231)
	at akka.dispatch.Mailbox.exec(Mailbox.scala:243)
	at java.util.concurrent.ForkJoinTask.doExec(ForkJoinTask.java:289)
	at java.util.concurrent.ForkJoinPool$WorkQueue.runTask(ForkJoinPool.java:1056)
	at java.util.concurrent.ForkJoinPool.runWorker(ForkJoinPool.java:1692)
	at java.util.concurrent.ForkJoinWorkerThread.run(ForkJoinWorkerThread.java:175)
Caused by: java.io.IOException: Failed to deserialize message due to
	at org.apache.flink.connector.rocketmq.source.reader.RocketMQRecordEmitter.emitRecord(RocketMQRecordEmitter.java:51)
	at org.apache.flink.connector.rocketmq.source.reader.RocketMQRecordEmitter.emitRecord(RocketMQRecordEmitter.java:30)
	at org.apache.flink.connector.base.source.reader.SourceReaderBase.pollNext(SourceReaderBase.java:143)
	at org.apache.flink.streaming.api.operators.SourceOperator.emitNext(SourceOperator.java:385)
	at org.apache.flink.streaming.runtime.io.StreamTaskSourceInput.emitNext(StreamTaskSourceInput.java:68)
	at org.apache.flink.streaming.runtime.io.StreamOneInputProcessor.processInput(StreamOneInputProcessor.java:65)
	at org.apache.flink.streaming.runtime.tasks.StreamTask.processInput(StreamTask.java:542)
	at org.apache.flink.streaming.runtime.tasks.mailbox.MailboxProcessor.runMailboxLoop(MailboxProcessor.java:231)
	at org.apache.flink.streaming.runtime.tasks.StreamTask.runMailboxLoop(StreamTask.java:831)
	at org.apache.flink.streaming.runtime.tasks.StreamTask.invoke(StreamTask.java:780)
	at org.apache.flink.runtime.taskmanager.Task.runWithSystemExitMonitoring(Task.java:935)
	at org.apache.flink.runtime.taskmanager.Task.restoreAndInvoke(Task.java:914)
	at org.apache.flink.runtime.taskmanager.Task.doRun(Task.java:728)
	at org.apache.flink.runtime.taskmanager.Task.run(Task.java:550)
	at java.lang.Thread.run(Thread.java:750)
Caused by: org.apache.flink.streaming.runtime.tasks.ExceptionInChainedOperatorException: Could not forward element to next operator
	at org.apache.flink.streaming.runtime.tasks.CopyingChainingOutput.pushToOperator(CopyingChainingOutput.java:99)
	at org.apache.flink.streaming.runtime.tasks.CopyingChainingOutput.collect(CopyingChainingOutput.java:57)
	at org.apache.flink.streaming.runtime.tasks.CopyingChainingOutput.collect(CopyingChainingOutput.java:29)
	at org.apache.flink.streaming.runtime.tasks.BroadcastingOutputCollector.collect(BroadcastingOutputCollector.java:77)
	at org.apache.flink.streaming.runtime.tasks.BroadcastingOutputCollector.collect(BroadcastingOutputCollector.java:32)
	at org.apache.flink.streaming.runtime.tasks.SourceOperatorStreamTask$AsyncDataOutputToOutput.emitRecord(SourceOperatorStreamTask.java:313)
	at org.apache.flink.streaming.api.operators.source.SourceOutputWithWatermarks.collect(SourceOutputWithWatermarks.java:110)
	at org.apache.flink.connector.rocketmq.source.reader.RocketMQRecordEmitter$SourceOutputWrapper.collect(RocketMQRecordEmitter.java:63)
	at com.xuanwu.sedp.flink.cdc.common.sourcesink.strategy.RocketMQDeserialization.deserialize(RocketMQDeserialization.java:30)
	at org.apache.flink.connector.rocketmq.source.reader.RocketMQRecordEmitter.emitRecord(RocketMQRecordEmitter.java:48)
	... 14 more
Caused by: org.apache.flink.streaming.runtime.tasks.ExceptionInChainedOperatorException: Could not forward element to next operator
	at org.apache.flink.streaming.runtime.tasks.CopyingChainingOutput.pushToOperator(CopyingChainingOutput.java:99)
	at org.apache.flink.streaming.runtime.tasks.CopyingChainingOutput.collect(CopyingChainingOutput.java:68)
	at org.apache.flink.streaming.api.operators.CountingOutput.collect(CountingOutput.java:62)
	at org.apache.flink.streaming.api.operators.ProcessOperator$ContextImpl.output(ProcessOperator.java:103)
	at com.xuanwu.sedp.flink.cdc.common.func.FlinkCdcRowProcessFunction.processElement(FlinkCdcRowProcessFunction.java:57)
	at com.xuanwu.sedp.flink.cdc.common.func.FlinkCdcRowProcessFunction.processElement(FlinkCdcRowProcessFunction.java:24)
	at org.apache.flink.streaming.api.operators.ProcessOperator.processElement(ProcessOperator.java:66)
	at org.apache.flink.streaming.runtime.tasks.CopyingChainingOutput.pushToOperator(CopyingChainingOutput.java:82)
	... 23 more
Caused by: org.apache.flink.streaming.runtime.tasks.ExceptionInChainedOperatorException: Could not forward element to next operator
	at org.apache.flink.streaming.runtime.tasks.CopyingChainingOutput.pushToOperator(CopyingChainingOutput.java:99)
	at org.apache.flink.streaming.runtime.tasks.CopyingChainingOutput.collect(CopyingChainingOutput.java:57)
	at org.apache.flink.streaming.runtime.tasks.CopyingChainingOutput.collect(CopyingChainingOutput.java:29)
	at org.apache.flink.streaming.api.operators.CountingOutput.collect(CountingOutput.java:56)
	at org.apache.flink.streaming.api.operators.CountingOutput.collect(CountingOutput.java:29)
	at org.apache.flink.streaming.api.operators.TimestampedCollector.collect(TimestampedCollector.java:51)
	at com.xuanwu.sedp.flink.cdc.common.func.FlinkCdcRowToJsonProcessFunction.processElement(FlinkCdcRowToJsonProcessFunction.java:25)
	at com.xuanwu.sedp.flink.cdc.common.func.FlinkCdcRowToJsonProcessFunction.processElement(FlinkCdcRowToJsonProcessFunction.java:16)
	at org.apache.flink.streaming.api.operators.ProcessOperator.processElement(ProcessOperator.java:66)
	at org.apache.flink.streaming.runtime.tasks.CopyingChainingOutput.pushToOperator(CopyingChainingOutput.java:82)
	... 30 more
Caused by: org.springframework.beans.factory.NoSuchBeanDefinitionException: No bean named 'srcpBizSqlSessionFactory' available
	at org.springframework.beans.factory.support.DefaultListableBeanFactory.getBeanDefinition(DefaultListableBeanFactory.java:872)
	at org.springframework.beans.factory.support.AbstractBeanFactory.getMergedLocalBeanDefinition(AbstractBeanFactory.java:1344)
	at org.springframework.beans.factory.support.AbstractBeanFactory.doGetBean(AbstractBeanFactory.java:309)
	at org.springframework.beans.factory.support.AbstractBeanFactory.getBean(AbstractBeanFactory.java:213)
	at cn.hutool.extra.spring.SpringUtil.getBean(SpringUtil.java:105)
	at com.xuanwu.sedp.flink.cdc.common.sourcesink.MysqlSink.getEntityManager(MysqlSink.java:62)
	at com.xuanwu.sedp.flink.cdc.common.sourcesink.MysqlSink.getFinalColumns(MysqlSink.java:100)
	at com.xuanwu.sedp.flink.cdc.common.sourcesink.MysqlSink.invoke0(MysqlSink.java:74)
	at com.xuanwu.sedp.flink.cdc.common.sourcesink.AbstractNativeSqlSink.invoke(AbstractNativeSqlSink.java:44)
	at com.xuanwu.sedp.flink.cdc.common.sourcesink.AbstractNativeSqlSink.invoke(AbstractNativeSqlSink.java:21)
	at org.apache.flink.streaming.api.operators.StreamSink.processElement(StreamSink.java:54)
	at org.apache.flink.streaming.runtime.tasks.CopyingChainingOutput.pushToOperator(CopyingChainingOutput.java:82)
	... 39 more



java.lang.ClassCastException: com.xuanwu.sedp.flink.cdc.common.vo.SyncDbSource cannot be cast to com.xuanwu.sedp.flink.cdc.common.vo.SyncDbSource
	at com.xuanwu.sedp.flink.cdc.common.sourcesink.MysqlSink.open(MysqlSink.java:51)
	at org.apache.flink.api.common.functions.util.FunctionUtils.openFunction(FunctionUtils.java:34)
	at org.apache.flink.streaming.api.operators.AbstractUdfStreamOperator.open(AbstractUdfStreamOperator.java:100)
	at org.apache.flink.streaming.api.operators.StreamSink.open(StreamSink.java:46)
	at org.apache.flink.streaming.runtime.tasks.RegularOperatorChain.initializeStateAndOpenOperators(RegularOperatorChain.java:107)
	at org.apache.flink.streaming.runtime.tasks.StreamTask.restoreGates(StreamTask.java:726)
	at org.apache.flink.streaming.runtime.tasks.StreamTaskActionExecutor$1.call(StreamTaskActionExecutor.java:55)
	at org.apache.flink.streaming.runtime.tasks.StreamTask.restoreInternal(StreamTask.java:702)
	at org.apache.flink.streaming.runtime.tasks.StreamTask.restore(StreamTask.java:669)
	at org.apache.flink.runtime.taskmanager.Task.runWithSystemExitMonitoring(Task.java:935)
	at org.apache.flink.runtime.taskmanager.Task.restoreAndInvoke(Task.java:904)
	at org.apache.flink.runtime.taskmanager.Task.doRun(Task.java:728)
	at org.apache.flink.runtime.taskmanager.Task.run(Task.java:550)
	at java.lang.Thread.run(Thread.java:750)